// Jest Snapshot v1, https://goo.gl/fbAQLP

exports[`Error should should have a valid snapshot 1`] = `
<span
  aria-hidden={true}
  className="fa fa-exclamation-triangle fa-2x"
  style={
    Object {
      "color": "red",
      "position": "absolute",
      "right": "15px",
      "top": "15px",
    }
  }
/>
`;
